Archive member included to satisfy reference by file (symbol)

C:/ST/STM32CubeCLT_1.16.0/GNU-tools-for-STM32/bin/../lib/gcc/arm-none-eabi/12.3.1/thumb/v7e-m/nofp\libgcc.a(_aeabi_uldivmod.o)
                              CMakeFiles/DMA_test.elf.dir/Drivers/STM32F4xx_HAL_Driver/Src/stm32f4xx_hal_rcc.c.obj (__aeabi_uldivmod)
C:/ST/STM32CubeCLT_1.16.0/GNU-tools-for-STM32/bin/../lib/gcc/arm-none-eabi/12.3.1/thumb/v7e-m/nofp\libgcc.a(_udivmoddi4.o)
                              C:/ST/STM32CubeCLT_1.16.0/GNU-tools-for-STM32/bin/../lib/gcc/arm-none-eabi/12.3.1/thumb/v7e-m/nofp\libgcc.a(_aeabi_uldivmod.o) (__udivmoddi4)
C:/ST/STM32CubeCLT_1.16.0/GNU-tools-for-STM32/bin/../lib/gcc/arm-none-eabi/12.3.1/thumb/v7e-m/nofp\libgcc.a(_dvmd_tls.o)
                              C:/ST/STM32CubeCLT_1.16.0/GNU-tools-for-STM32/bin/../lib/gcc/arm-none-eabi/12.3.1/thumb/v7e-m/nofp\libgcc.a(_aeabi_uldivmod.o) (__aeabi_ldiv0)
C:/ST/STM32CubeCLT_1.16.0/GNU-tools-for-STM32/bin/../lib/gcc/arm-none-eabi/12.3.1/../../../../arm-none-eabi/lib/thumb/v7e-m/nofp\libg.a(libc_a-exit.o)
                              C:/ST/STM32CubeCLT_1.16.0/GNU-tools-for-STM32/bin/../lib/gcc/arm-none-eabi/12.3.1/../../../../arm-none-eabi/lib/thumb/v7e-m/nofp/crt0.o (exit)
C:/ST/STM32CubeCLT_1.16.0/GNU-tools-for-STM32/bin/../lib/gcc/arm-none-eabi/12.3.1/../../../../arm-none-eabi/lib/thumb/v7e-m/nofp\libg.a(libc_a-findfp.o)
                              C:/ST/STM32CubeCLT_1.16.0/GNU-tools-for-STM32/bin/../lib/gcc/arm-none-eabi/12.3.1/../../../../arm-none-eabi/lib/thumb/v7e-m/nofp\libg.a(libc_a-exit.o) (__stdio_exit_handler)
C:/ST/STM32CubeCLT_1.16.0/GNU-tools-for-STM32/bin/../lib/gcc/arm-none-eabi/12.3.1/../../../../arm-none-eabi/lib/thumb/v7e-m/nofp\libg.a(libc_a-fwalk.o)
                              C:/ST/STM32CubeCLT_1.16.0/GNU-tools-for-STM32/bin/../lib/gcc/arm-none-eabi/12.3.1/../../../../arm-none-eabi/lib/thumb/v7e-m/nofp\libg.a(libc_a-findfp.o) (_fwalk_sglue)
C:/ST/STM32CubeCLT_1.16.0/GNU-tools-for-STM32/bin/../lib/gcc/arm-none-eabi/12.3.1/../../../../arm-none-eabi/lib/thumb/v7e-m/nofp\libg.a(libc_a-stdio.o)
                              C:/ST/STM32CubeCLT_1.16.0/GNU-tools-for-STM32/bin/../lib/gcc/arm-none-eabi/12.3.1/../../../../arm-none-eabi/lib/thumb/v7e-m/nofp\libg.a(libc_a-findfp.o) (__sread)
C:/ST/STM32CubeCLT_1.16.0/GNU-tools-for-STM32/bin/../lib/gcc/arm-none-eabi/12.3.1/../../../../arm-none-eabi/lib/thumb/v7e-m/nofp\libg.a(libc_a-memset.o)
                              C:/ST/STM32CubeCLT_1.16.0/GNU-tools-for-STM32/bin/../lib/gcc/arm-none-eabi/12.3.1/../../../../arm-none-eabi/lib/thumb/v7e-m/nofp/crt0.o (memset)
C:/ST/STM32CubeCLT_1.16.0/GNU-tools-for-STM32/bin/../lib/gcc/arm-none-eabi/12.3.1/../../../../arm-none-eabi/lib/thumb/v7e-m/nofp\libg.a(libc_a-closer.o)
                              C:/ST/STM32CubeCLT_1.16.0/GNU-tools-for-STM32/bin/../lib/gcc/arm-none-eabi/12.3.1/../../../../arm-none-eabi/lib/thumb/v7e-m/nofp\libg.a(libc_a-stdio.o) (_close_r)
C:/ST/STM32CubeCLT_1.16.0/GNU-tools-for-STM32/bin/../lib/gcc/arm-none-eabi/12.3.1/../../../../arm-none-eabi/lib/thumb/v7e-m/nofp\libg.a(libc_a-reent.o)
                              C:/ST/STM32CubeCLT_1.16.0/GNU-tools-for-STM32/bin/../lib/gcc/arm-none-eabi/12.3.1/../../../../arm-none-eabi/lib/thumb/v7e-m/nofp\libg.a(libc_a-closer.o) (errno)
C:/ST/STM32CubeCLT_1.16.0/GNU-tools-for-STM32/bin/../lib/gcc/arm-none-eabi/12.3.1/../../../../arm-none-eabi/lib/thumb/v7e-m/nofp\libg.a(libc_a-impure.o)
                              C:/ST/STM32CubeCLT_1.16.0/GNU-tools-for-STM32/bin/../lib/gcc/arm-none-eabi/12.3.1/../../../../arm-none-eabi/lib/thumb/v7e-m/nofp\libg.a(libc_a-reent.o) (_impure_ptr)
C:/ST/STM32CubeCLT_1.16.0/GNU-tools-for-STM32/bin/../lib/gcc/arm-none-eabi/12.3.1/../../../../arm-none-eabi/lib/thumb/v7e-m/nofp\libg.a(libc_a-lseekr.o)
                              C:/ST/STM32CubeCLT_1.16.0/GNU-tools-for-STM32/bin/../lib/gcc/arm-none-eabi/12.3.1/../../../../arm-none-eabi/lib/thumb/v7e-m/nofp\libg.a(libc_a-stdio.o) (_lseek_r)
C:/ST/STM32CubeCLT_1.16.0/GNU-tools-for-STM32/bin/../lib/gcc/arm-none-eabi/12.3.1/../../../../arm-none-eabi/lib/thumb/v7e-m/nofp\libg.a(libc_a-readr.o)
                              C:/ST/STM32CubeCLT_1.16.0/GNU-tools-for-STM32/bin/../lib/gcc/arm-none-eabi/12.3.1/../../../../arm-none-eabi/lib/thumb/v7e-m/nofp\libg.a(libc_a-stdio.o) (_read_r)
C:/ST/STM32CubeCLT_1.16.0/GNU-tools-for-STM32/bin/../lib/gcc/arm-none-eabi/12.3.1/../../../../arm-none-eabi/lib/thumb/v7e-m/nofp\libg.a(libc_a-writer.o)
                              C:/ST/STM32CubeCLT_1.16.0/GNU-tools-for-STM32/bin/../lib/gcc/arm-none-eabi/12.3.1/../../../../arm-none-eabi/lib/thumb/v7e-m/nofp\libg.a(libc_a-stdio.o) (_write_r)
C:/ST/STM32CubeCLT_1.16.0/GNU-tools-for-STM32/bin/../lib/gcc/arm-none-eabi/12.3.1/../../../../arm-none-eabi/lib/thumb/v7e-m/nofp\libg.a(libc_a-errno.o)
                              CMakeFiles/DMA_test.elf.dir/Core/Src/syscalls.c.obj (__errno)
[...]
Memory Configuration

Name             Origin             Length             Attributes
CCMRAM           0x10000000         0x00010000         xrw
RAM              0x20000000         0x00030000         xrw
FLASH            0x08000000         0x00200000         xr
*default*        0x00000000         0xffffffff

Linker script and memory map

LOAD C:/ST/STM32CubeCLT_1.16.0/GNU-tools-for-STM32/bin/../lib/gcc/arm-none-eabi/12.3.1/thumb/v7e-m/nofp/crti.o
LOAD C:/ST/STM32CubeCLT_1.16.0/GNU-tools-for-STM32/bin/../lib/gcc/arm-none-eabi/12.3.1/thumb/v7e-m/nofp/crtbegin.o
LOAD C:/ST/STM32CubeCLT_1.16.0/GNU-tools-for-STM32/bin/../lib/gcc/arm-none-eabi/12.3.1/../../../../arm-none-eabi/lib/thumb/v7e-m/nofp/crt0.o
LOAD CMakeFiles/DMA_test.elf.dir/Core/Src/dma.c.obj
LOAD CMakeFiles/DMA_test.elf.dir/Core/Src/gpio.c.obj
LOAD CMakeFiles/DMA_test.elf.dir/Core/Src/main.c.obj
LOAD CMakeFiles/DMA_test.elf.dir/Core/Src/stm32f4xx_hal_msp.c.obj
LOAD CMakeFiles/DMA_test.elf.dir/Core/Src/stm32f4xx_it.c.obj
LOAD CMakeFiles/DMA_test.elf.dir/Core/Src/syscalls.c.obj
LOAD CMakeFiles/DMA_test.elf.dir/Core/Src/sysmem.c.obj
LOAD CMakeFiles/DMA_test.elf.dir/Core/Src/system_stm32f4xx.c.obj
LOAD CMakeFiles/DMA_test.elf.dir/Core/Src/usart.c.obj
LOAD CMakeFiles/DMA_test.elf.dir/Core/Startup/startup_stm32f427iihx.s.obj
LOAD CMakeFiles/DMA_test.elf.dir/Drivers/STM32F4xx_HAL_Driver/Src/stm32f4xx_hal.c.obj
LOAD CMakeFiles/DMA_test.elf.dir/Drivers/STM32F4xx_HAL_Driver/Src/stm32f4xx_hal_cortex.c.obj
LOAD CMakeFiles/DMA_test.elf.dir/Drivers/STM32F4xx_HAL_Driver/Src/stm32f4xx_hal_dma.c.obj
LOAD CMakeFiles/DMA_test.elf.dir/Drivers/STM32F4xx_HAL_Driver/Src/stm32f4xx_hal_dma_ex.c.obj
LOAD CMakeFiles/DMA_test.elf.dir/Drivers/STM32F4xx_HAL_Driver/Src/stm32f4xx_hal_exti.c.obj
LOAD CMakeFiles/DMA_test.elf.dir/Drivers/STM32F4xx_HAL_Driver/Src/stm32f4xx_hal_flash.c.obj
LOAD CMakeFiles/DMA_test.elf.dir/Drivers/STM32F4xx_HAL_Driver/Src/stm32f4xx_hal_flash_ex.c.obj
LOAD CMakeFiles/DMA_test.elf.dir/Drivers/STM32F4xx_HAL_Driver/Src/stm32f4xx_hal_flash_ramfunc.c.obj
LOAD CMakeFiles/DMA_test.elf.dir/Drivers/STM32F4xx_HAL_Driver/Src/stm32f4xx_hal_gpio.c.obj
LOAD CMakeFiles/DMA_test.elf.dir/Drivers/STM32F4xx_HAL_Driver/Src/stm32f4xx_hal_pwr.c.obj
LOAD CMakeFiles/DMA_test.elf.dir/Drivers/STM32F4xx_HAL_Driver/Src/stm32f4xx_hal_pwr_ex.c.obj
LOAD CMakeFiles/DMA_test.elf.dir/Drivers/STM32F4xx_HAL_Driver/Src/stm32f4xx_hal_rcc.c.obj
LOAD CMakeFiles/DMA_test.elf.dir/Drivers/STM32F4xx_HAL_Driver/Src/stm32f4xx_hal_rcc_ex.c.obj
LOAD CMakeFiles/DMA_test.elf.dir/Drivers/STM32F4xx_HAL_Driver/Src/stm32f4xx_hal_tim.c.obj
LOAD CMakeFiles/DMA_test.elf.dir/Drivers/STM32F4xx_HAL_Driver/Src/stm32f4xx_hal_tim_ex.c.obj
LOAD CMakeFiles/DMA_test.elf.dir/Drivers/STM32F4xx_HAL_Driver/Src/stm32f4xx_hal_uart.c.obj
START GROUP
LOAD C:/ST/STM32CubeCLT_1.16.0/GNU-tools-for-STM32/bin/../lib/gcc/arm-none-eabi/12.3.1/thumb/v7e-m/nofp\libgcc.a
LOAD C:/ST/STM32CubeCLT_1.16.0/GNU-tools-for-STM32/bin/../lib/gcc/arm-none-eabi/12.3.1/../../../../arm-none-eabi/lib/thumb/v7e-m/nofp\libg.a
LOAD C:/ST/STM32CubeCLT_1.16.0/GNU-tools-for-STM32/bin/../lib/gcc/arm-none-eabi/12.3.1/../../../../arm-none-eabi/lib/thumb/v7e-m/nofp\libc.a
END GROUP
LOAD C:/ST/STM32CubeCLT_1.16.0/GNU-tools-for-STM32/bin/../lib/gcc/arm-none-eabi/12.3.1/thumb/v7e-m/nofp/crtend.o
LOAD C:/ST/STM32CubeCLT_1.16.0/GNU-tools-for-STM32/bin/../lib/gcc/arm-none-eabi/12.3.1/thumb/v7e-m/nofp/crtn.o
                0x20030000                        _estack = (ORIGIN (RAM) + LENGTH (RAM))
                0x00000200                        _Min_Heap_Size = 0x200
                0x00000400                        _Min_Stack_Size = 0x400

.isr_vector     0x08000000      0x1ac
                0x08000000                        . = ALIGN (0x4)
 *(.isr_vector)
 .isr_vector    0x08000000      0x1ac CMakeFiles/DMA_test.elf.dir/Core/Startup/startup_stm32f427iihx.s.obj
                0x08000000                g_pfnVectors
                0x080001ac                        . = ALIGN (0x4)

.text           0x080001ac     0x20b4
                0x080001ac                        . = ALIGN (0x4)
 *(.text)
 .text          0x080001ac       0x40 C:/ST/STM32CubeCLT_1.16.0/GNU-tools-for-STM32/bin/../lib/gcc/arm-none-eabi/12.3.1/thumb/v7e-m/nofp/crtbegin.o
 .text          0x080001ec       0x30 C:/ST/STM32CubeCLT_1.16.0/GNU-tools-for-STM32/bin/../lib/gcc/arm-none-eabi/12.3.1/thumb/v7e-m/nofp\libgcc.a(_aeabi_uldivmod.o)
                0x080001ec                __aeabi_uldivmod
 .text          0x0800021c      0x2bc C:/ST/STM32CubeCLT_1.16.0/GNU-tools-for-STM32/bin/../lib/gcc/arm-none-eabi/12.3.1/thumb/v7e-m/nofp\libgcc.a(_udivmoddi4.o)
                0x0800021c                __udivmoddi4
 .text          0x080004d8        0x4 C:/ST/STM32CubeCLT_1.16.0/GNU-tools-for-STM32/bin/../lib/gcc/arm-none-eabi/12.3.1/thumb/v7e-m/nofp\libgcc.a(_dvmd_tls.o)
                0x080004d8                __aeabi_idiv0
                0x080004d8                __aeabi_ldiv0
 *(.text*)
 .text.MX_DMA_Init
                0x080004dc       0x44 CMakeFiles/DMA_test.elf.dir/Core/Src/dma.c.obj
                0x080004dc                MX_DMA_Init
 .text.MX_GPIO_Init
                0x08000520       0xcc CMakeFiles/DMA_test.elf.dir/Core/Src/gpio.c.obj
                0x08000520                MX_GPIO_Init
 .text.HAL_UARTEx_RxEventCallback
                0x080005ec       0x2c CMakeFiles/DMA_test.elf.dir/Core/Src/main.c.obj
                0x080005ec                HAL_UARTEx_RxEventCallback
 .text.Error_Handler
                0x08000618        0x4 CMakeFiles/DMA_test.elf.dir/Core/Src/main.c.obj
                0x08000618                Error_Handler
 .text.SystemClock_Config
                0x0800061c       0xb4 CMakeFiles/DMA_test.elf.dir/Core/Src/main.c.obj
                0x0800061c                SystemClock_Config
 .text.main     0x080006d0       0x2c CMakeFiles/DMA_test.elf.dir/Core/Src/main.c.obj
                0x080006d0                main
 .text.HAL_MspInit
                0x080006fc       0x38 CMakeFiles/DMA_test.elf.dir/Core/Src/stm32f4xx_hal_msp.c.obj
                0x080006fc                HAL_MspInit
 .text.NMI_Handler
                0x08000734        0x2 CMakeFiles/DMA_test.elf.dir/Core/Src/stm32f4xx_it.c.obj
                0x08000734                NMI_Handler
 .text.HardFault_Handler
                0x08000736        0x2 CMakeFiles/DMA_test.elf.dir/Core/Src/stm32f4xx_it.c.obj
                0x08000736                HardFault_Handler
 .text.MemManage_Handler
                0x08000738        0x2 CMakeFiles/DMA_test.elf.dir/Core/Src/stm32f4xx_it.c.obj
                0x08000738                MemManage_Handler
 .text.BusFault_Handler
                0x0800073a        0x2 CMakeFiles/DMA_test.elf.dir/Core/Src/stm32f4xx_it.c.obj
                0x0800073a                BusFault_Handler
 .text.UsageFault_Handler
                0x0800073c        0x2 CMakeFiles/DMA_test.elf.dir/Core/Src/stm32f4xx_it.c.obj
                0x0800073c                UsageFault_Handler
 .text.SVC_Handler
                0x0800073e        0x2 CMakeFiles/DMA_test.elf.dir/Core/Src/stm32f4xx_it.c.obj
                0x0800073e                SVC_Handler
 .text.DebugMon_Handler
                0x08000740        0x2 CMakeFiles/DMA_test.elf.dir/Core/Src/stm32f4xx_it.c.obj
                0x08000740                DebugMon_Handler
 .text.PendSV_Handler
                0x08000742        0x2 CMakeFiles/DMA_test.elf.dir/Core/Src/stm32f4xx_it.c.obj
                0x08000742                PendSV_Handler
 .text.SysTick_Handler
                0x08000744        0x8 CMakeFiles/DMA_test.elf.dir/Core/Src/stm32f4xx_it.c.obj
                0x08000744                SysTick_Handler
 .text.DMA2_Stream1_IRQHandler
                0x0800074c       0x10 CMakeFiles/DMA_test.elf.dir/Core/Src/stm32f4xx_it.c.obj
                0x0800074c                DMA2_Stream1_IRQHandler
 .text.DMA2_Stream6_IRQHandler
                0x0800075c       0x10 CMakeFiles/DMA_test.elf.dir/Core/Src/stm32f4xx_it.c.obj
                0x0800075c                DMA2_Stream6_IRQHandler
 .text.USART6_IRQHandler
                0x0800076c       0x10 CMakeFiles/DMA_test.elf.dir/Core/Src/stm32f4xx_it.c.obj
                0x0800076c                USART6_IRQHandler
 .text.SystemInit
                0x0800077c        0x2 CMakeFiles/DMA_test.elf.dir/Core/Src/system_stm32f4xx.c.obj
                0x0800077c                SystemInit
 *fill*         0x0800077e        0x2 
 .text.MX_USART6_UART_Init
                0x08000780       0x34 CMakeFiles/DMA_test.elf.dir/Core/Src/usart.c.obj
                0x08000780                MX_USART6_UART_Init
 .text.HAL_UART_MspInit
                0x080007b4       0xf8 CMakeFiles/DMA_test.elf.dir/Core/Src/usart.c.obj
                0x080007b4                HAL_UART_MspInit
 .text.Reset_Handler
                0x080008ac       0x50 CMakeFiles/DMA_test.elf.dir/Core/Startup/startup_stm32f427iihx.s.obj
                0x080008ac                Reset_Handler
 .text.Default_Handler
                0x080008fc        0x2 CMakeFiles/DMA_test.elf.dir/Core/Startup/startup_stm32f427iihx.s.obj
                0x080008fc                RTC_Alarm_IRQHandler
                0x080008fc                HASH_RNG_IRQHandler
                0x080008fc                EXTI2_IRQHandler
                0x080008fc                TIM8_CC_IRQHandler
                0x080008fc                UART8_IRQHandler
                0x080008fc                SPI4_IRQHandler
                0x080008fc                TIM1_CC_IRQHandler
                0x080008fc                DMA2_Stream5_IRQHandler
                0x080008fc                DMA1_Stream5_IRQHandler
                0x080008fc                PVD_IRQHandler
                0x080008fc                SDIO_IRQHandler
                0x080008fc                TAMP_STAMP_IRQHandler
                0x080008fc                CAN2_RX1_IRQHandler
                0x080008fc                EXTI3_IRQHandler
                0x080008fc                TIM8_TRG_COM_TIM14_IRQHandler
                0x080008fc                TIM1_UP_TIM10_IRQHandler
                0x080008fc                TIM8_UP_TIM13_IRQHandler
                0x080008fc                I2C3_ER_IRQHandler
                0x080008fc                EXTI0_IRQHandler
                0x080008fc                I2C2_EV_IRQHandler
                0x080008fc                DMA1_Stream2_IRQHandler
                0x080008fc                CAN1_RX0_IRQHandler
                0x080008fc                FPU_IRQHandler
                0x080008fc                OTG_HS_WKUP_IRQHandler
                0x080008fc                CAN2_SCE_IRQHandler
                0x080008fc                DMA2_Stream2_IRQHandler
                0x080008fc                SPI1_IRQHandler
                0x080008fc                TIM6_DAC_IRQHandler
                0x080008fc                TIM1_BRK_TIM9_IRQHandler
                0x080008fc                DCMI_IRQHandler
                0x080008fc                CAN2_RX0_IRQHandler
                0x080008fc                DMA2_Stream3_IRQHandler
                0x080008fc                USART3_IRQHandler
                0x080008fc                CAN1_RX1_IRQHandler
                0x080008fc                UART5_IRQHandler
                0x080008fc                DMA2_Stream0_IRQHandler
                0x080008fc                TIM4_IRQHandler
                0x080008fc                I2C1_EV_IRQHandler
                0x080008fc                DMA1_Stream6_IRQHandler
                0x080008fc                DMA1_Stream1_IRQHandler
                0x080008fc                UART4_IRQHandler
                0x080008fc                TIM3_IRQHandler
                0x080008fc                RCC_IRQHandler
                0x080008fc                TIM8_BRK_TIM12_IRQHandler
                0x080008fc                Default_Handler
                0x080008fc                EXTI15_10_IRQHandler
                0x080008fc                ADC_IRQHandler
                0x080008fc                DMA1_Stream7_IRQHandler
                0x080008fc                SPI5_IRQHandler
                0x080008fc                TIM7_IRQHandler
                0x080008fc                CAN2_TX_IRQHandler
                0x080008fc                TIM5_IRQHandler
                0x080008fc                DMA2_Stream7_IRQHandler
                0x080008fc                I2C3_EV_IRQHandler
                0x080008fc                EXTI9_5_IRQHandler
                0x080008fc                RTC_WKUP_IRQHandler
                0x080008fc                ETH_WKUP_IRQHandler
                0x080008fc                SPI2_IRQHandler
                0x080008fc                OTG_HS_EP1_IN_IRQHandler
                0x080008fc                DMA1_Stream0_IRQHandler
                0x080008fc                CAN1_TX_IRQHandler
                0x080008fc                EXTI4_IRQHandler
                0x080008fc                ETH_IRQHandler
                0x080008fc                OTG_HS_EP1_OUT_IRQHandler
                0x080008fc                WWDG_IRQHandler
                0x080008fc                SPI6_IRQHandler
                0x080008fc                TIM2_IRQHandler
                0x080008fc                OTG_FS_WKUP_IRQHandler
                0x080008fc                TIM1_TRG_COM_TIM11_IRQHandler
                0x080008fc                OTG_HS_IRQHandler
                0x080008fc                DMA2D_IRQHandler
                0x080008fc                EXTI1_IRQHandler
                0x080008fc                UART7_IRQHandler
                0x080008fc                USART2_IRQHandler
                0x080008fc                I2C2_ER_IRQHandler
                0x080008fc                CAN1_SCE_IRQHandler
                0x080008fc                FLASH_IRQHandler
                0x080008fc                DMA2_Stream4_IRQHandler
                0x080008fc                USART1_IRQHandler
                0x080008fc                OTG_FS_IRQHandler
                0x080008fc                SPI3_IRQHandler
                0x080008fc                DMA1_Stream4_IRQHandler
                0x080008fc                I2C1_ER_IRQHandler
                0x080008fc                FMC_IRQHandler
                0x080008fc                SAI1_IRQHandler
                0x080008fc                DMA1_Stream3_IRQHandler
 *fill*         0x080008fe        0x2 
 .text.HAL_InitTick
                0x08000900       0x4c CMakeFiles/DMA_test.elf.dir/Drivers/STM32F4xx_HAL_Driver/Src/stm32f4xx_hal.c.obj
                0x08000900                HAL_InitTick
 .text.HAL_Init
                0x0800094c       0x34 CMakeFiles/DMA_test.elf.dir/Drivers/STM32F4xx_HAL_Driver/Src/stm32f4xx_hal.c.obj
                0x0800094c                HAL_Init
 .text.HAL_IncTick
                0x08000980       0x18 CMakeFiles/DMA_test.elf.dir/Drivers/STM32F4xx_HAL_Driver/Src/stm32f4xx_hal.c.obj
                0x08000980                HAL_IncTick
 .text.HAL_GetTick
                0x08000998        0xc CMakeFiles/DMA_test.elf.dir/Drivers/STM32F4xx_HAL_Driver/Src/stm32f4xx_hal.c.obj
                0x08000998                HAL_GetTick
 .text.__NVIC_EnableIRQ
                0x080009a4       0x1c CMakeFiles/DMA_test.elf.dir/Drivers/STM32F4xx_HAL_Driver/Src/stm32f4xx_hal_cortex.c.obj
 .text.__NVIC_SetPriority
                0x080009c0       0x28 CMakeFiles/DMA_test.elf.dir/Drivers/STM32F4xx_HAL_Driver/Src/stm32f4xx_hal_cortex.c.obj
 .text.NVIC_EncodePriority
                0x080009e8       0x3e CMakeFiles/DMA_test.elf.dir/Drivers/STM32F4xx_HAL_Driver/Src/stm32f4xx_hal_cortex.c.obj
 *fill*         0x08000a26        0x2 
 .text.HAL_NVIC_SetPriorityGrouping
                0x08000a28       0x24 CMakeFiles/DMA_test.elf.dir/Drivers/STM32F4xx_HAL_Driver/Src/stm32f4xx_hal_cortex.c.obj
                0x08000a28                HAL_NVIC_SetPriorityGrouping
 .text.HAL_NVIC_SetPriority
                0x08000a4c       0x20 CMakeFiles/DMA_test.elf.dir/Drivers/STM32F4xx_HAL_Driver/Src/stm32f4xx_hal_cortex.c.obj
                0x08000a4c                HAL_NVIC_SetPriority
 .text.HAL_NVIC_EnableIRQ
                0x08000a6c        0x8 CMakeFiles/DMA_test.elf.dir/Drivers/STM32F4xx_HAL_Driver/Src/stm32f4xx_hal_cortex.c.obj
                0x08000a6c                HAL_NVIC_EnableIRQ
 .text.HAL_SYSTICK_Config
                0x08000a74       0x28 CMakeFiles/DMA_test.elf.dir/Drivers/STM32F4xx_HAL_Driver/Src/stm32f4xx_hal_cortex.c.obj
                0x08000a74                HAL_SYSTICK_Config
 .text.DMA_SetConfig
                0x08000a9c       0x2c CMakeFiles/DMA_test.elf.dir/Drivers/STM32F4xx_HAL_Driver/Src/stm32f4xx_hal_dma.c.obj
 .text.DMA_CalcBaseAndBitshift
                0x08000ac8       0x40 CMakeFiles/DMA_test.elf.dir/Drivers/STM32F4xx_HAL_Driver/Src/stm32f4xx_hal_dma.c.obj
 .text.DMA_CheckFifoParam
                0x08000b08       0x8e CMakeFiles/DMA_test.elf.dir/Drivers/STM32F4xx_HAL_Driver/Src/stm32f4xx_hal_dma.c.obj
 *fill*         0x08000b96        0x2 
 .text.HAL_DMA_Init
                0x08000b98       0xcc CMakeFiles/DMA_test.elf.dir/Drivers/STM32F4xx_HAL_Driver/Src/stm32f4xx_hal_dma.c.obj
                0x08000b98                HAL_DMA_Init
 .text.HAL_DMA_Start_IT
                0x08000c64       0x6a CMakeFiles/DMA_test.elf.dir/Drivers/STM32F4xx_HAL_Driver/Src/stm32f4xx_hal_dma.c.obj
                0x08000c64                HAL_DMA_Start_IT
 .text.HAL_DMA_Abort
                0x08000cce       0x94 CMakeFiles/DMA_test.elf.dir/Drivers/STM32F4xx_HAL_Driver/Src/stm32f4xx_hal_dma.c.obj
                0x08000cce                HAL_DMA_Abort
 .text.HAL_DMA_Abort_IT
                0x08000d62       0x26 CMakeFiles/DMA_test.elf.dir/Drivers/STM32F4xx_HAL_Driver/Src/stm32f4xx_hal_dma.c.obj
                0x08000d62                HAL_DMA_Abort_IT
 .text.HAL_DMA_IRQHandler
                0x08000d88      0x1dc CMakeFiles/DMA_test.elf.dir/Drivers/STM32F4xx_HAL_Driver/Src/stm32f4xx_hal_dma.c.obj
                0x08000d88                HAL_DMA_IRQHandler
 .text.HAL_GPIO_Init
                0x08000f64      0x20c CMakeFiles/DMA_test.elf.dir/Drivers/STM32F4xx_HAL_Driver/Src/stm32f4xx_hal_gpio.c.obj
                0x08000f64                HAL_GPIO_Init
 .text.HAL_GPIO_WritePin
                0x08001170        0xc CMakeFiles/DMA_test.elf.dir/Drivers/STM32F4xx_HAL_Driver/Src/stm32f4xx_hal_gpio.c.obj
                0x08001170                HAL_GPIO_WritePin
 .text.HAL_PWREx_EnableOverDrive
                0x0800117c       0x7c CMakeFiles/DMA_test.elf.dir/Drivers/STM32F4xx_HAL_Driver/Src/stm32f4xx_hal_pwr_ex.c.obj
                0x0800117c                HAL_PWREx_EnableOverDrive
 .text.HAL_RCC_OscConfig
                0x080011f8      0x3f8 CMakeFiles/DMA_test.elf.dir/Drivers/STM32F4xx_HAL_Driver/Src/stm32f4xx_hal_rcc.c.obj
                0x080011f8                HAL_RCC_OscConfig
 .text.HAL_RCC_GetSysClockFreq
                0x080015f0       0xa8 CMakeFiles/DMA_test.elf.dir/Drivers/STM32F4xx_HAL_Driver/Src/stm32f4xx_hal_rcc.c.obj
                0x080015f0                HAL_RCC_GetSysClockFreq
 .text.HAL_RCC_ClockConfig
                0x08001698      0x160 CMakeFiles/DMA_test.elf.dir/Drivers/STM32F4xx_HAL_Driver/Src/stm32f4xx_hal_rcc.c.obj
                0x08001698                HAL_RCC_ClockConfig
 .text.HAL_RCC_GetHCLKFreq
                0x080017f8        0xc CMakeFiles/DMA_test.elf.dir/Drivers/STM32F4xx_HAL_Driver/Src/stm32f4xx_hal_rcc.c.obj
                0x080017f8                HAL_RCC_GetHCLKFreq
 .text.HAL_RCC_GetPCLK1Freq
                0x08001804       0x20 CMakeFiles/DMA_test.elf.dir/Drivers/STM32F4xx_HAL_Driver/Src/stm32f4xx_hal_rcc.c.obj
                0x08001804                HAL_RCC_GetPCLK1Freq
 .text.HAL_RCC_GetPCLK2Freq
                0x08001824       0x20 CMakeFiles/DMA_test.elf.dir/Drivers/STM32F4xx_HAL_Driver/Src/stm32f4xx_hal_rcc.c.obj
                0x08001824                HAL_RCC_GetPCLK2Freq
 .text.UART_EndTxTransfer
                0x08001844       0x20 CMakeFiles/DMA_test.elf.dir/Drivers/STM32F4xx_HAL_Driver/Src/stm32f4xx_hal_uart.c.obj
 .text.UART_EndRxTransfer
                0x08001864       0x5c CMakeFiles/DMA_test.elf.dir/Drivers/STM32F4xx_HAL_Driver/Src/stm32f4xx_hal_uart.c.obj
 .text.UART_Transmit_IT
                0x080018c0       0x60 CMakeFiles/DMA_test.elf.dir/Drivers/STM32F4xx_HAL_Driver/Src/stm32f4xx_hal_uart.c.obj
 .text.UART_SetConfig
                0x08001920      0x110 CMakeFiles/DMA_test.elf.dir/Drivers/STM32F4xx_HAL_Driver/Src/stm32f4xx_hal_uart.c.obj
 .text.HAL_UART_Init
                0x08001a30       0x60 CMakeFiles/DMA_test.elf.dir/Drivers/STM32F4xx_HAL_Driver/Src/stm32f4xx_hal_uart.c.obj
                0x08001a30                HAL_UART_Init
 .text.HAL_UART_Transmit_DMA
                0x08001a90       0x84 CMakeFiles/DMA_test.elf.dir/Drivers/STM32F4xx_HAL_Driver/Src/stm32f4xx_hal_uart.c.obj
                0x08001a90                HAL_UART_Transmit_DMA
 .text.HAL_UART_TxCpltCallback
                0x08001b14        0x2 CMakeFiles/DMA_test.elf.dir/Drivers/STM32F4xx_HAL_Driver/Src/stm32f4xx_hal_uart.c.obj
                0x08001b14                HAL_UART_TxCpltCallback
 .text.UART_DMATransmitCplt
                0x08001b16       0x4c CMakeFiles/DMA_test.elf.dir/Drivers/STM32F4xx_HAL_Driver/Src/stm32f4xx_hal_uart.c.obj
 .text.UART_EndTransmit_IT
                0x08001b62       0x1a CMakeFiles/DMA_test.elf.dir/Drivers/STM32F4xx_HAL_Driver/Src/stm32f4xx_hal_uart.c.obj
 .text.HAL_UART_TxHalfCpltCallback
                0x08001b7c        0x2 CMakeFiles/DMA_test.elf.dir/Drivers/STM32F4xx_HAL_Driver/Src/stm32f4xx_hal_uart.c.obj
                0x08001b7c                HAL_UART_TxHalfCpltCallback
 .text.UART_DMATxHalfCplt
                0x08001b7e        0xa CMakeFiles/DMA_test.elf.dir/Drivers/STM32F4xx_HAL_Driver/Src/stm32f4xx_hal_uart.c.obj
 .text.HAL_UART_RxCpltCallback
                0x08001b88        0x2 CMakeFiles/DMA_test.elf.dir/Drivers/STM32F4xx_HAL_Driver/Src/stm32f4xx_hal_uart.c.obj
                0x08001b88                HAL_UART_RxCpltCallback
 .text.HAL_UART_RxHalfCpltCallback
                0x08001b8a        0x2 CMakeFiles/DMA_test.elf.dir/Drivers/STM32F4xx_HAL_Driver/Src/stm32f4xx_hal_uart.c.obj
                0x08001b8a                HAL_UART_RxHalfCpltCallback
 .text.HAL_UART_ErrorCallback
                0x08001b8c        0x2 CMakeFiles/DMA_test.elf.dir/Drivers/STM32F4xx_HAL_Driver/Src/stm32f4xx_hal_uart.c.obj
                0x08001b8c                HAL_UART_ErrorCallback
 .text.UART_DMAError
                0x08001b8e       0x58 CMakeFiles/DMA_test.elf.dir/Drivers/STM32F4xx_HAL_Driver/Src/stm32f4xx_hal_uart.c.obj
 .text.UART_DMAAbortOnError
                0x08001be6       0x10 CMakeFiles/DMA_test.elf.dir/Drivers/STM32F4xx_HAL_Driver/Src/stm32f4xx_hal_uart.c.obj
 .text.UART_Receive_IT
                0x08001bf6       0xe6 CMakeFiles/DMA_test.elf.dir/Drivers/STM32F4xx_HAL_Driver/Src/stm32f4xx_hal_uart.c.obj
 .text.HAL_UART_IRQHandler
                0x08001cdc      0x284 CMakeFiles/DMA_test.elf.dir/Drivers/STM32F4xx_HAL_Driver/Src/stm32f4xx_hal_uart.c.obj
                0x08001cdc                HAL_UART_IRQHandler
 .text.UART_DMARxHalfCplt
                0x08001f60       0x1e CMakeFiles/DMA_test.elf.dir/Drivers/STM32F4xx_HAL_Driver/Src/stm32f4xx_hal_uart.c.obj
 .text.UART_DMAReceiveCplt
                0x08001f7e       0x9a CMakeFiles/DMA_test.elf.dir/Drivers/STM32F4xx_HAL_Driver/Src/stm32f4xx_hal_uart.c.obj
 .text.UART_Start_Receive_DMA
                0x08002018       0xa4 CMakeFiles/DMA_test.elf.dir/Drivers/STM32F4xx_HAL_Driver/Src/stm32f4xx_hal_uart.c.obj
                0x08002018                UART_Start_Receive_DMA
 .text.HAL_UARTEx_ReceiveToIdle_DMA
                0x080020bc       0x66 CMakeFiles/DMA_test.elf.dir/Drivers/STM32F4xx_HAL_Driver/Src/stm32f4xx_hal_uart.c.obj
                0x080020bc                HAL_UARTEx_ReceiveToIdle_DMA
 .text.memset   0x08002122       0x10 C:/ST/STM32CubeCLT_1.16.0/GNU-tools-for-STM32/bin/../lib/gcc/arm-none-eabi/12.3.1/../../../../arm-none-eabi/lib/thumb/v7e-m/nofp\libg.a(libc_a-memset.o)
                0x08002122                memset
 *fill*         0x08002132        0x2 
 .text.__libc_init_array
                0x08002134       0x48 C:/ST/STM32CubeCLT_1.16.0/GNU-tools-for-STM32/bin/../lib/gcc/arm-none-eabi/12.3.1/../../../../arm-none-eabi/lib/thumb/v7e-m/nofp\libg.a(libc_a-init.o)
                0x08002134                __libc_init_array
 .text.__retarget_lock_acquire_recursive
                0x0800217c        0x2 C:/ST/STM32CubeCLT_1.16.0/GNU-tools-for-STM32/bin/../lib/gcc/arm-none-eabi/12.3.1/../../../../arm-none-eabi/lib/thumb/v7e-m/nofp\libg.a(libc_a-lock.o)
                0x0800217c                __retarget_lock_acquire_recursive
 .text.__retarget_lock_release_recursive
                0x0800217e        0x2 C:/ST/STM32CubeCLT_1.16.0/GNU-tools-for-STM32/bin/../lib/gcc/arm-none-eabi/12.3.1/../../../../arm-none-eabi/lib/thumb/v7e-m/nofp\libg.a(libc_a-lock.o)
                0x0800217e                __retarget_lock_release_recursive
 .text.startup.register_fini
                0x08002180       0x14 C:/ST/STM32CubeCLT_1.16.0/GNU-tools-for-STM32/bin/../lib/gcc/arm-none-eabi/12.3.1/../../../../arm-none-eabi/lib/thumb/v7e-m/nofp\libg.a(libc_a-__call_atexit.o)
 .text.atexit   0x08002194        0xc C:/ST/STM32CubeCLT_1.16.0/GNU-tools-for-STM32/bin/../lib/gcc/arm-none-eabi/12.3.1/../../../../arm-none-eabi/lib/thumb/v7e-m/nofp\libg.a(libc_a-atexit.o)
                0x08002194                atexit
 .text.__libc_fini_array
                0x080021a0       0x28 C:/ST/STM32CubeCLT_1.16.0/GNU-tools-for-STM32/bin/../lib/gcc/arm-none-eabi/12.3.1/../../../../arm-none-eabi/lib/thumb/v7e-m/nofp\libg.a(libc_a-fini.o)
                0x080021a0                __libc_fini_array
 .text.__register_exitproc
                0x080021c8       0x80 C:/ST/STM32CubeCLT_1.16.0/GNU-tools-for-STM32/bin/../lib/gcc/arm-none-eabi/12.3.1/../../../../arm-none-eabi/lib/thumb/v7e-m/nofp\libg.a(libc_a-__atexit.o)
                0x080021c8                __register_exitproc
 *(.glue_7)
 .glue_7        0x08002248        0x0 linker stubs
 *(.glue_7t)
 .glue_7t       0x08002248        0x0 linker stubs
 *(.eh_frame)
 .eh_frame      0x08002248        0x0 C:/ST/STM32CubeCLT_1.16.0/GNU-tools-for-STM32/bin/../lib/gcc/arm-none-eabi/12.3.1/thumb/v7e-m/nofp/crtbegin.o
 *(.init)
 .init          0x08002248        0x4 C:/ST/STM32CubeCLT_1.16.0/GNU-tools-for-STM32/bin/../lib/gcc/arm-none-eabi/12.3.1/thumb/v7e-m/nofp/crti.o
                0x08002248                _init
 .init          0x0800224c        0x8 C:/ST/STM32CubeCLT_1.16.0/GNU-tools-for-STM32/bin/../lib/gcc/arm-none-eabi/12.3.1/thumb/v7e-m/nofp/crtn.o
 *(.fini)
 .fini          0x08002254        0x4 C:/ST/STM32CubeCLT_1.16.0/GNU-tools-for-STM32/bin/../lib/gcc/arm-none-eabi/12.3.1/thumb/v7e-m/nofp/crti.o
                0x08002254                _fini
 .fini          0x08002258        0x8 C:/ST/STM32CubeCLT_1.16.0/GNU-tools-for-STM32/bin/../lib/gcc/arm-none-eabi/12.3.1/thumb/v7e-m/nofp/crtn.o
                0x08002260                        . = ALIGN (0x4)
                0x08002260                        _etext = .

.vfp11_veneer   0x08002260        0x0
 .vfp11_veneer  0x08002260        0x0 linker stubs

.v4_bx          0x08002260        0x0
 .v4_bx         0x08002260        0x0 linker stubs

.iplt           0x08002260        0x0
 .iplt          0x08002260        0x0 C:/ST/STM32CubeCLT_1.16.0/GNU-tools-for-STM32/bin/../lib/gcc/arm-none-eabi/12.3.1/thumb/v7e-m/nofp/crtbegin.o

.rodata         0x08002260       0x20
                0x08002260                        . = ALIGN (0x4)
 *(.rodata)
 *(.rodata*)
 .rodata.APBPrescTable
                0x08002260        0x8 CMakeFiles/DMA_test.elf.dir/Core/Src/system_stm32f4xx.c.obj
                0x08002260                APBPrescTable
 .rodata.AHBPrescTable
                0x08002268       0x10 CMakeFiles/DMA_test.elf.dir/Core/Src/system_stm32f4xx.c.obj
                0x08002268                AHBPrescTable
 .rodata.flagBitshiftOffset.0
                0x08002278        0x8 CMakeFiles/DMA_test.elf.dir/Drivers/STM32F4xx_HAL_Driver/Src/stm32f4xx_hal_dma.c.obj
                0x08002280                        . = ALIGN (0x4)

.ARM.extab      0x08002280        0x0
                0x08002280                        . = ALIGN (0x4)
 *(.ARM.extab* .gnu.linkonce.armextab.*)
                0x08002280                        . = ALIGN (0x4)

.ARM            0x08002280        0x8
                0x08002280                        . = ALIGN (0x4)
                0x08002280                        __exidx_start = .
 *(.ARM.exidx*)
 .ARM.exidx     0x08002280        0x8 C:/ST/STM32CubeCLT_1.16.0/GNU-tools-for-STM32/bin/../lib/gcc/arm-none-eabi/12.3.1/thumb/v7e-m/nofp\libgcc.a(_udivmoddi4.o)
                0x08002288                        __exidx_end = .
                0x08002288                        . = ALIGN (0x4)

.preinit_array  0x08002288        0x0
                0x08002288                        . = ALIGN (0x4)
                0x08002288                        PROVIDE (__preinit_array_start = .)
 *(.preinit_array*)
                0x08002288                        PROVIDE (__preinit_array_end = .)
                0x08002288                        . = ALIGN (0x4)

.init_array     0x08002288        0x8
                0x08002288                        . = ALIGN (0x4)
                0x08002288                        PROVIDE (__init_array_start = .)
 *(SORT_BY_NAME(.init_array.*))
 .init_array.00000
                0x08002288        0x4 C:/ST/STM32CubeCLT_1.16.0/GNU-tools-for-STM32/bin/../lib/gcc/arm-none-eabi/12.3.1/../../../../arm-none-eabi/lib/thumb/v7e-m/nofp\libg.a(libc_a-__call_atexit.o)
 *(.init_array*)
 .init_array    0x0800228c        0x4 C:/ST/STM32CubeCLT_1.16.0/GNU-tools-for-STM32/bin/../lib/gcc/arm-none-eabi/12.3.1/thumb/v7e-m/nofp/crtbegin.o
                0x08002290                        PROVIDE (__init_array_end = .)
                0x08002290                        . = ALIGN (0x4)

.fini_array     0x08002290        0x4
                0x08002290                        . = ALIGN (0x4)
                0x08002290                        PROVIDE (__fini_array_start = .)
 *(SORT_BY_NAME(.fini_array.*))
 *(.fini_array*)
 .fini_array    0x08002290        0x4 C:/ST/STM32CubeCLT_1.16.0/GNU-tools-for-STM32/bin/../lib/gcc/arm-none-eabi/12.3.1/thumb/v7e-m/nofp/crtbegin.o
                0x08002294                        PROVIDE (__fini_array_end = .)
                0x08002294                        . = ALIGN (0x4)
                0x08002294                        _sidata = LOADADDR (.data)

.rel.dyn        0x08002294        0x0
 .rel.iplt      0x08002294        0x0 C:/ST/STM32CubeCLT_1.16.0/GNU-tools-for-STM32/bin/../lib/gcc/arm-none-eabi/12.3.1/thumb/v7e-m/nofp/crtbegin.o

.data           0x20000000       0x10 load address 0x08002294
                0x20000000                        . = ALIGN (0x4)
                0x20000000                        _sdata = .
 *(.data)
 *(.data*)
 .data.SystemCoreClock
                0x20000000        0x4 CMakeFiles/DMA_test.elf.dir/Core/Src/system_stm32f4xx.c.obj
                0x20000000                SystemCoreClock
 .data.uwTickFreq
                0x20000004        0x1 CMakeFiles/DMA_test.elf.dir/Drivers/STM32F4xx_HAL_Driver/Src/stm32f4xx_hal.c.obj
                0x20000004                uwTickFreq
 *fill*         0x20000005        0x3 
 .data.uwTickPrio
                0x20000008        0x4 CMakeFiles/DMA_test.elf.dir/Drivers/STM32F4xx_HAL_Driver/Src/stm32f4xx_hal.c.obj
                0x20000008                uwTickPrio
 .data.__atexit_recursive_mutex
                0x2000000c        0x4 C:/ST/STM32CubeCLT_1.16.0/GNU-tools-for-STM32/bin/../lib/gcc/arm-none-eabi/12.3.1/../../../../arm-none-eabi/lib/thumb/v7e-m/nofp\libg.a(libc_a-__call_atexit.o)
                0x2000000c                __atexit_recursive_mutex
 *(.RamFunc)
 *(.RamFunc*)
                0x20000010                        . = ALIGN (0x4)
                0x20000010                        _edata = .
                0x080022a4                        _siccmram = LOADADDR (.ccmram)

.igot.plt       0x20000010        0x0 load address 0x080022a4
 .igot.plt      0x20000010        0x0 C:/ST/STM32CubeCLT_1.16.0/GNU-tools-for-STM32/bin/../lib/gcc/arm-none-eabi/12.3.1/thumb/v7e-m/nofp/crtbegin.o

.ccmram         0x10000000        0x0 load address 0x080022a4
                0x10000000                        . = ALIGN (0x4)
                0x10000000                        _sccmram = .
 *(.ccmram)
 *(.ccmram*)
                0x10000000                        . = ALIGN (0x4)
                0x10000000                        _eccmram = .
                0x10000000                        . = ALIGN (0x4)

.bss            0x20000010      0x324
                0x20000010                        _sbss = .
                0x20000010                        __bss_start__ = _sbss
 *(.bss)
 .bss           0x20000010       0x1c C:/ST/STM32CubeCLT_1.16.0/GNU-tools-for-STM32/bin/../lib/gcc/arm-none-eabi/12.3.1/thumb/v7e-m/nofp/crtbegin.o
 *(.bss*)
 .bss.rx_buff   0x2000002c       0x64 CMakeFiles/DMA_test.elf.dir/Core/Src/main.c.obj
                0x2000002c                rx_buff
 .bss.hdma_usart6_rx
                0x20000090       0x60 CMakeFiles/DMA_test.elf.dir/Core/Src/usart.c.obj
                0x20000090                hdma_usart6_rx
 .bss.hdma_usart6_tx
                0x200000f0       0x60 CMakeFiles/DMA_test.elf.dir/Core/Src/usart.c.obj
                0x200000f0                hdma_usart6_tx
 .bss.huart6    0x20000150       0x48 CMakeFiles/DMA_test.elf.dir/Core/Src/usart.c.obj
                0x20000150                huart6
 .bss.uwTick    0x20000198        0x4 CMakeFiles/DMA_test.elf.dir/Drivers/STM32F4xx_HAL_Driver/Src/stm32f4xx_hal.c.obj
                0x20000198                uwTick
 .bss.__lock___atexit_recursive_mutex
                0x2000019c        0x1 C:/ST/STM32CubeCLT_1.16.0/GNU-tools-for-STM32/bin/../lib/gcc/arm-none-eabi/12.3.1/../../../../arm-none-eabi/lib/thumb/v7e-m/nofp\libg.a(libc_a-lock.o)
                0x2000019c                __lock___atexit_recursive_mutex
 *fill*         0x2000019d        0x3 
 .bss.__atexit  0x200001a0        0x4 C:/ST/STM32CubeCLT_1.16.0/GNU-tools-for-STM32/bin/../lib/gcc/arm-none-eabi/12.3.1/../../../../arm-none-eabi/lib/thumb/v7e-m/nofp\libg.a(libc_a-__call_atexit.o)
                0x200001a0                __atexit
 .bss.__atexit0
                0x200001a4      0x190 C:/ST/STM32CubeCLT_1.16.0/GNU-tools-for-STM32/bin/../lib/gcc/arm-none-eabi/12.3.1/../../../../arm-none-eabi/lib/thumb/v7e-m/nofp\libg.a(libc_a-__atexit.o)
                0x200001a4                __atexit0
 *(COMMON)
                0x20000334                        . = ALIGN (0x4)
                0x20000334                        _ebss = .
                0x20000334                        __bss_end__ = _ebss

._user_heap_stack
                0x20000334      0x604
                0x20000338                        . = ALIGN (0x8)
 *fill*         0x20000334        0x4 
                [!provide]                        PROVIDE (end = .)
                0x20000338                        PROVIDE (_end = .)
                0x20000538                        . = (. + _Min_Heap_Size)
 *fill*         0x20000338      0x200 
                0x20000938                        . = (. + _Min_Stack_Size)
 *fill*         0x20000538      0x400 
                0x20000938                        . = ALIGN (0x8)

/DISCARD/
 libc.a(*)
 libm.a(*)
 libgcc.a(*)

.ARM.attributes
                0x00000000       0x2a
 *(.ARM.attributes)
 .ARM.attributes
                0x00000000       0x1e C:/ST/STM32CubeCLT_1.16.0/GNU-tools-for-STM32/bin/../lib/gcc/arm-none-eabi/12.3.1/thumb/v7e-m/nofp/crti.o
 .ARM.attributes
                0x0000001e       0x2e C:/ST/STM32CubeCLT_1.16.0/GNU-tools-for-STM32/bin/../lib/gcc/arm-none-eabi/12.3.1/thumb/v7e-m/nofp/crtbegin.o
 .ARM.attributes
                0x0000004c       0x2e CMakeFiles/DMA_test.elf.dir/Core/Src/dma.c.obj
 .ARM.attributes
                0x0000007a       0x2e CMakeFiles/DMA_test.elf.dir/Core/Src/gpio.c.obj
 .ARM.attributes
                0x000000a8       0x2e CMakeFiles/DMA_test.elf.dir/Core/Src/main.c.obj
 .ARM.attributes
                0x000000d6       0x2e CMakeFiles/DMA_test.elf.dir/Core/Src/stm32f4xx_hal_msp.c.obj
 .ARM.attributes
                0x00000104       0x2e CMakeFiles/DMA_test.elf.dir/Core/Src/stm32f4xx_it.c.obj
 .ARM.attributes
                0x00000132       0x2e CMakeFiles/DMA_test.elf.dir/Core/Src/system_stm32f4xx.c.obj
 .ARM.attributes
                0x00000160       0x2e CMakeFiles/DMA_test.elf.dir/Core/Src/usart.c.obj
 .ARM.attributes
                0x0000018e       0x21 CMakeFiles/DMA_test.elf.dir/Core/Startup/startup_stm32f427iihx.s.obj
 .ARM.attributes
                0x000001af       0x2e CMakeFiles/DMA_test.elf.dir/Drivers/STM32F4xx_HAL_Driver/Src/stm32f4xx_hal.c.obj
 .ARM.attributes
                0x000001dd       0x2e CMakeFiles/DMA_test.elf.dir/Drivers/STM32F4xx_HAL_Driver/Src/stm32f4xx_hal_cortex.c.obj
 .ARM.attributes
                0x0000020b       0x2e CMakeFiles/DMA_test.elf.dir/Drivers/STM32F4xx_HAL_Driver/Src/stm32f4xx_hal_dma.c.obj
 .ARM.attributes
                0x00000239       0x2e CMakeFiles/DMA_test.elf.dir/Drivers/STM32F4xx_HAL_Driver/Src/stm32f4xx_hal_gpio.c.obj
 .ARM.attributes
                0x00000267       0x2e CMakeFiles/DMA_test.elf.dir/Drivers/STM32F4xx_HAL_Driver/Src/stm32f4xx_hal_pwr_ex.c.obj
 .ARM.attributes
                0x00000295       0x2e CMakeFiles/DMA_test.elf.dir/Drivers/STM32F4xx_HAL_Driver/Src/stm32f4xx_hal_rcc.c.obj
 .ARM.attributes
                0x000002c3       0x2e CMakeFiles/DMA_test.elf.dir/Drivers/STM32F4xx_HAL_Driver/Src/stm32f4xx_hal_uart.c.obj
 .ARM.attributes
                0x000002f1       0x1e C:/ST/STM32CubeCLT_1.16.0/GNU-tools-for-STM32/bin/../lib/gcc/arm-none-eabi/12.3.1/thumb/v7e-m/nofp\libgcc.a(_aeabi_uldivmod.o)
 .ARM.attributes
                0x0000030f       0x2e C:/ST/STM32CubeCLT_1.16.0/GNU-tools-for-STM32/bin/../lib/gcc/arm-none-eabi/12.3.1/thumb/v7e-m/nofp\libgcc.a(_udivmoddi4.o)
 .ARM.attributes
                0x0000033d       0x1e C:/ST/STM32CubeCLT_1.16.0/GNU-tools-for-STM32/bin/../lib/gcc/arm-none-eabi/12.3.1/thumb/v7e-m/nofp\libgcc.a(_dvmd_tls.o)
 .ARM.attributes
                0x0000035b       0x2e C:/ST/STM32CubeCLT_1.16.0/GNU-tools-for-STM32/bin/../lib/gcc/arm-none-eabi/12.3.1/../../../../arm-none-eabi/lib/thumb/v7e-m/nofp\libg.a(libc_a-memset.o)
 .ARM.attributes
                0x00000389       0x2e C:/ST/STM32CubeCLT_1.16.0/GNU-tools-for-STM32/bin/../lib/gcc/arm-none-eabi/12.3.1/../../../../arm-none-eabi/lib/thumb/v7e-m/nofp\libg.a(libc_a-init.o)
 .ARM.attributes
                0x000003b7       0x2e C:/ST/STM32CubeCLT_1.16.0/GNU-tools-for-STM32/bin/../lib/gcc/arm-none-eabi/12.3.1/../../../../arm-none-eabi/lib/thumb/v7e-m/nofp\libg.a(libc_a-lock.o)
 .ARM.attributes
                0x000003e5       0x2e C:/ST/STM32CubeCLT_1.16.0/GNU-tools-for-STM32/bin/../lib/gcc/arm-none-eabi/12.3.1/../../../../arm-none-eabi/lib/thumb/v7e-m/nofp\libg.a(libc_a-__call_atexit.o)
 .ARM.attributes
                0x00000413       0x2e C:/ST/STM32CubeCLT_1.16.0/GNU-tools-for-STM32/bin/../lib/gcc/arm-none-eabi/12.3.1/../../../../arm-none-eabi/lib/thumb/v7e-m/nofp\libg.a(libc_a-atexit.o)
 .ARM.attributes
                0x00000441       0x2e C:/ST/STM32CubeCLT_1.16.0/GNU-tools-for-STM32/bin/../lib/gcc/arm-none-eabi/12.3.1/../../../../arm-none-eabi/lib/thumb/v7e-m/nofp\libg.a(libc_a-fini.o)
 .ARM.attributes
                0x0000046f       0x2e C:/ST/STM32CubeCLT_1.16.0/GNU-tools-for-STM32/bin/../lib/gcc/arm-none-eabi/12.3.1/../../../../arm-none-eabi/lib/thumb/v7e-m/nofp\libg.a(libc_a-__atexit.o)
 .ARM.attributes
                0x0000049d       0x1e C:/ST/STM32CubeCLT_1.16.0/GNU-tools-for-STM32/bin/../lib/gcc/arm-none-eabi/12.3.1/thumb/v7e-m/nofp/crtn.o
OUTPUT(DMA_test.elf elf32-littlearm)
LOAD linker stubs
LOAD C:/ST/STM32CubeCLT_1.16.0/GNU-tools-for-STM32/bin/../lib/gcc/arm-none-eabi/12.3.1/../../../../arm-none-eabi/lib/thumb/v7e-m/nofp\libc.a
LOAD C:/ST/STM32CubeCLT_1.16.0/GNU-tools-for-STM32/bin/../lib/gcc/arm-none-eabi/12.3.1/../../../../arm-none-eabi/lib/thumb/v7e-m/nofp\libm.a
LOAD C:/ST/STM32CubeCLT_1.16.0/GNU-tools-for-STM32/bin/../lib/gcc/arm-none-eabi/12.3.1/thumb/v7e-m/nofp\libgcc.a

.debug_info     0x00000000     0xb861
 .debug_info    0x00000000      0x553 CMakeFiles/DMA_test.elf.dir/Core/Src/dma.c.obj
 .debug_info    0x00000553      0x4af CMakeFiles/DMA_test.elf.dir/Core/Src/gpio.c.obj
 .debug_info    0x00000a02      0xb57 CMakeFiles/DMA_test.elf.dir/Core/Src/main.c.obj
 .debug_info    0x00001559      0x27d CMakeFiles/DMA_test.elf.dir/Core/Src/stm32f4xx_hal_msp.c.obj
 .debug_info    0x000017d6      0x6b5 CMakeFiles/DMA_test.elf.dir/Core/Src/stm32f4xx_it.c.obj
 .debug_info    0x00001e8b      0x34c CMakeFiles/DMA_test.elf.dir/Core/Src/system_stm32f4xx.c.obj
 .debug_info    0x000021d7      0xd16 CMakeFiles/DMA_test.elf.dir/Core/Src/usart.c.obj
 .debug_info    0x00002eed       0x30 CMakeFiles/DMA_test.elf.dir/Core/Startup/startup_stm32f427iihx.s.obj
 .debug_info    0x00002f1d      0xa4c CMakeFiles/DMA_test.elf.dir/Drivers/STM32F4xx_HAL_Driver/Src/stm32f4xx_hal.c.obj
 .debug_info    0x00003969      0xfe5 CMakeFiles/DMA_test.elf.dir/Drivers/STM32F4xx_HAL_Driver/Src/stm32f4xx_hal_cortex.c.obj
 .debug_info    0x0000494e      0xad9 CMakeFiles/DMA_test.elf.dir/Drivers/STM32F4xx_HAL_Driver/Src/stm32f4xx_hal_dma.c.obj
 .debug_info    0x00005427      0x71c CMakeFiles/DMA_test.elf.dir/Drivers/STM32F4xx_HAL_Driver/Src/stm32f4xx_hal_gpio.c.obj
 .debug_info    0x00005b43      0x78a CMakeFiles/DMA_test.elf.dir/Drivers/STM32F4xx_HAL_Driver/Src/stm32f4xx_hal_pwr_ex.c.obj
 .debug_info    0x000062cd      0xa85 CMakeFiles/DMA_test.elf.dir/Drivers/STM32F4xx_HAL_Driver/Src/stm32f4xx_hal_rcc.c.obj
 .debug_info    0x00006d52     0x3fcf CMakeFiles/DMA_test.elf.dir/Drivers/STM32F4xx_HAL_Driver/Src/stm32f4xx_hal_uart.c.obj
 .debug_info    0x0000ad21       0xe0 C:/ST/STM32CubeCLT_1.16.0/GNU-tools-for-STM32/bin/../lib/gcc/arm-none-eabi/12.3.1/../../../../arm-none-eabi/lib/thumb/v7e-m/nofp\libg.a(libc_a-memset.o)
 .debug_info    0x0000ae01      0x10b C:/ST/STM32CubeCLT_1.16.0/GNU-tools-for-STM32/bin/../lib/gcc/arm-none-eabi/12.3.1/../../../../arm-none-eabi/lib/thumb/v7e-m/nofp\libg.a(libc_a-init.o)
 .debug_info    0x0000af0c      0x20a C:/ST/STM32CubeCLT_1.16.0/GNU-tools-for-STM32/bin/../lib/gcc/arm-none-eabi/12.3.1/../../../../arm-none-eabi/lib/thumb/v7e-m/nofp\libg.a(libc_a-lock.o)
 .debug_info    0x0000b116      0x2dd C:/ST/STM32CubeCLT_1.16.0/GNU-tools-for-STM32/bin/../lib/gcc/arm-none-eabi/12.3.1/../../../../arm-none-eabi/lib/thumb/v7e-m/nofp\libg.a(libc_a-__call_atexit.o)
 .debug_info    0x0000b3f3      0x118 C:/ST/STM32CubeCLT_1.16.0/GNU-tools-for-STM32/bin/../lib/gcc/arm-none-eabi/12.3.1/../../../../arm-none-eabi/lib/thumb/v7e-m/nofp\libg.a(libc_a-atexit.o)
 .debug_info    0x0000b50b       0xf7 C:/ST/STM32CubeCLT_1.16.0/GNU-tools-for-STM32/bin/../lib/gcc/arm-none-eabi/12.3.1/../../../../arm-none-eabi/lib/thumb/v7e-m/nofp\libg.a(libc_a-fini.o)
 .debug_info    0x0000b602      0x25f C:/ST/STM32CubeCLT_1.16.0/GNU-tools-for-STM32/bin/../lib/gcc/arm-none-eabi/12.3.1/../../../../arm-none-eabi/lib/thumb/v7e-m/nofp\libg.a(libc_a-__atexit.o)

.debug_abbrev   0x00000000     0x24d8
 .debug_abbrev  0x00000000      0x12b CMakeFiles/DMA_test.elf.dir/Core/Src/dma.c.obj
 .debug_abbrev  0x0000012b      0x164 CMakeFiles/DMA_test.elf.dir/Core/Src/gpio.c.obj
 .debug_abbrev  0x0000028f      0x257 CMakeFiles/DMA_test.elf.dir/Core/Src/main.c.obj
 .debug_abbrev  0x000004e6       0xd6 CMakeFiles/DMA_test.elf.dir/Core/Src/stm32f4xx_hal_msp.c.obj
 .debug_abbrev  0x000005bc      0x17f CMakeFiles/DMA_test.elf.dir/Core/Src/stm32f4xx_it.c.obj
 .debug_abbrev  0x0000073b      0x120 CMakeFiles/DMA_test.elf.dir/Core/Src/system_stm32f4xx.c.obj
 .debug_abbrev  0x0000085b      0x24c CMakeFiles/DMA_test.elf.dir/Core/Src/usart.c.obj
 .debug_abbrev  0x00000aa7       0x24 CMakeFiles/DMA_test.elf.dir/Core/Startup/startup_stm32f427iihx.s.obj
 .debug_abbrev  0x00000acb      0x240 CMakeFiles/DMA_test.elf.dir/Drivers/STM32F4xx_HAL_Driver/Src/stm32f4xx_hal.c.obj
 .debug_abbrev  0x00000d0b      0x391 CMakeFiles/DMA_test.elf.dir/Drivers/STM32F4xx_HAL_Driver/Src/stm32f4xx_hal_cortex.c.obj
 .debug_abbrev  0x0000109c      0x2c0 CMakeFiles/DMA_test.elf.dir/Drivers/STM32F4xx_HAL_Driver/Src/stm32f4xx_hal_dma.c.obj
 .debug_abbrev  0x0000135c      0x202 CMakeFiles/DMA_test.elf.dir/Drivers/STM32F4xx_HAL_Driver/Src/stm32f4xx_hal_gpio.c.obj
 .debug_abbrev  0x0000155e      0x1e6 CMakeFiles/DMA_test.elf.dir/Drivers/STM32F4xx_HAL_Driver/Src/stm32f4xx_hal_pwr_ex.c.obj
 .debug_abbrev  0x00001744      0x2c7 CMakeFiles/DMA_test.elf.dir/Drivers/STM32F4xx_HAL_Driver/Src/stm32f4xx_hal_rcc.c.obj
 .debug_abbrev  0x00001a0b      0x32f CMakeFiles/DMA_test.elf.dir/Drivers/STM32F4xx_HAL_Driver/Src/stm32f4xx_hal_uart.c.obj
 .debug_abbrev  0x00001d3a       0x9e C:/ST/STM32CubeCLT_1.16.0/GNU-tools-for-STM32/bin/../lib/gcc/arm-none-eabi/12.3.1/../../../../arm-none-eabi/lib/thumb/v7e-m/nofp\libg.a(libc_a-memset.o)
 .debug_abbrev  0x00001dd8       0xc9 C:/ST/STM32CubeCLT_1.16.0/GNU-tools-for-STM32/bin/../lib/gcc/arm-none-eabi/12.3.1/../../../../arm-none-eabi/lib/thumb/v7e-m/nofp\libg.a(libc_a-init.o)
 .debug_abbrev  0x00001ea1      0x115 C:/ST/STM32CubeCLT_1.16.0/GNU-tools-for-STM32/bin/../lib/gcc/arm-none-eabi/12.3.1/../../../../arm-none-eabi/lib/thumb/v7e-m/nofp\libg.a(libc_a-lock.o)
 .debug_abbrev  0x00001fb6      0x20c C:/ST/STM32CubeCLT_1.16.0/GNU-tools-for-STM32/bin/../lib/gcc/arm-none-eabi/12.3.1/../../../../arm-none-eabi/lib/thumb/v7e-m/nofp\libg.a(libc_a-__call_atexit.o)
 .debug_abbrev  0x000021c2       0xc1 C:/ST/STM32CubeCLT_1.16.0/GNU-tools-for-STM32/bin/../lib/gcc/arm-none-eabi/12.3.1/../../../../arm-none-eabi/lib/thumb/v7e-m/nofp\libg.a(libc_a-atexit.o)
 .debug_abbrev  0x00002283       0xcc C:/ST/STM32CubeCLT_1.16.0/GNU-tools-for-STM32/bin/../lib/gcc/arm-none-eabi/12.3.1/../../../../arm-none-eabi/lib/thumb/v7e-m/nofp\libg.a(libc_a-fini.o)
 .debug_abbrev  0x0000234f      0x189 C:/ST/STM32CubeCLT_1.16.0/GNU-tools-for-STM32/bin/../lib/gcc/arm-none-eabi/12.3.1/../../../../arm-none-eabi/lib/thumb/v7e-m/nofp\libg.a(libc_a-__atexit.o)

.debug_aranges  0x00000000      0x890
 .debug_aranges
                0x00000000       0x20 CMakeFiles/DMA_test.elf.dir/Core/Src/dma.c.obj
 .debug_aranges
                0x00000020       0x20 CMakeFiles/DMA_test.elf.dir/Core/Src/gpio.c.obj
 .debug_aranges
                0x00000040       0x38 CMakeFiles/DMA_test.elf.dir/Core/Src/main.c.obj
 .debug_aranges
                0x00000078       0x20 CMakeFiles/DMA_test.elf.dir/Core/Src/stm32f4xx_hal_msp.c.obj
 .debug_aranges
                0x00000098       0x78 CMakeFiles/DMA_test.elf.dir/Core/Src/stm32f4xx_it.c.obj
 .debug_aranges
                0x00000110       0x28 CMakeFiles/DMA_test.elf.dir/Core/Src/system_stm32f4xx.c.obj
 .debug_aranges
                0x00000138       0x30 CMakeFiles/DMA_test.elf.dir/Core/Src/usart.c.obj
 .debug_aranges
                0x00000168       0x28 CMakeFiles/DMA_test.elf.dir/Core/Startup/startup_stm32f427iihx.s.obj
 .debug_aranges
                0x00000190      0x100 CMakeFiles/DMA_test.elf.dir/Drivers/STM32F4xx_HAL_Driver/Src/stm32f4xx_hal.c.obj
 .debug_aranges
                0x00000290       0xf8 CMakeFiles/DMA_test.elf.dir/Drivers/STM32F4xx_HAL_Driver/Src/stm32f4xx_hal_cortex.c.obj
 .debug_aranges
                0x00000388       0x90 CMakeFiles/DMA_test.elf.dir/Drivers/STM32F4xx_HAL_Driver/Src/stm32f4xx_hal_dma.c.obj
 .debug_aranges
                0x00000418       0x58 CMakeFiles/DMA_test.elf.dir/Drivers/STM32F4xx_HAL_Driver/Src/stm32f4xx_hal_gpio.c.obj
 .debug_aranges
                0x00000470       0x60 CMakeFiles/DMA_test.elf.dir/Drivers/STM32F4xx_HAL_Driver/Src/stm32f4xx_hal_pwr_ex.c.obj
 .debug_aranges
                0x000004d0       0x88 CMakeFiles/DMA_test.elf.dir/Drivers/STM32F4xx_HAL_Driver/Src/stm32f4xx_hal_rcc.c.obj
 .debug_aranges
                0x00000558      0x208 CMakeFiles/DMA_test.elf.dir/Drivers/STM32F4xx_HAL_Driver/Src/stm32f4xx_hal_uart.c.obj
 .debug_aranges
                0x00000760       0x20 C:/ST/STM32CubeCLT_1.16.0/GNU-tools-for-STM32/bin/../lib/gcc/arm-none-eabi/12.3.1/../../../../arm-none-eabi/lib/thumb/v7e-m/nofp\libg.a(libc_a-memset.o)
 .debug_aranges
                0x00000780       0x20 C:/ST/STM32CubeCLT_1.16.0/GNU-tools-for-STM32/bin/../lib/gcc/arm-none-eabi/12.3.1/../../../../arm-none-eabi/lib/thumb/v7e-m/nofp\libg.a(libc_a-init.o)
 .debug_aranges
                0x000007a0       0x68 C:/ST/STM32CubeCLT_1.16.0/GNU-tools-for-STM32/bin/../lib/gcc/arm-none-eabi/12.3.1/../../../../arm-none-eabi/lib/thumb/v7e-m/nofp\libg.a(libc_a-lock.o)
 .debug_aranges
                0x00000808       0x28 C:/ST/STM32CubeCLT_1.16.0/GNU-tools-for-STM32/bin/../lib/gcc/arm-none-eabi/12.3.1/../../../../arm-none-eabi/lib/thumb/v7e-m/nofp\libg.a(libc_a-__call_atexit.o)
 .debug_aranges
                0x00000830       0x20 C:/ST/STM32CubeCLT_1.16.0/GNU-tools-for-STM32/bin/../lib/gcc/arm-none-eabi/12.3.1/../../../../arm-none-eabi/lib/thumb/v7e-m/nofp\libg.a(libc_a-atexit.o)
 .debug_aranges
                0x00000850       0x20 C:/ST/STM32CubeCLT_1.16.0/GNU-tools-for-STM32/bin/../lib/gcc/arm-none-eabi/12.3.1/../../../../arm-none-eabi/lib/thumb/v7e-m/nofp\libg.a(libc_a-fini.o)
 .debug_aranges
                0x00000870       0x20 C:/ST/STM32CubeCLT_1.16.0/GNU-tools-for-STM32/bin/../lib/gcc/arm-none-eabi/12.3.1/../../../../arm-none-eabi/lib/thumb/v7e-m/nofp\libg.a(libc_a-__atexit.o)

.debug_rnglists
                0x00000000      0x650
 .debug_rnglists
                0x00000000       0x13 CMakeFiles/DMA_test.elf.dir/Core/Src/dma.c.obj
 .debug_rnglists
                0x00000013       0x14 CMakeFiles/DMA_test.elf.dir/Core/Src/gpio.c.obj
 .debug_rnglists
                0x00000027       0x26 CMakeFiles/DMA_test.elf.dir/Core/Src/main.c.obj
 .debug_rnglists
                0x0000004d       0x13 CMakeFiles/DMA_test.elf.dir/Core/Src/stm32f4xx_hal_msp.c.obj
 .debug_rnglists
                0x00000060       0x55 CMakeFiles/DMA_test.elf.dir/Core/Src/stm32f4xx_it.c.obj
 .debug_rnglists
                0x000000b5       0x1a CMakeFiles/DMA_test.elf.dir/Core/Src/system_stm32f4xx.c.obj
 .debug_rnglists
                0x000000cf       0x20 CMakeFiles/DMA_test.elf.dir/Core/Src/usart.c.obj
 .debug_rnglists
                0x000000ef       0x19 CMakeFiles/DMA_test.elf.dir/Core/Startup/startup_stm32f427iihx.s.obj
 .debug_rnglists
                0x00000108       0xbb CMakeFiles/DMA_test.elf.dir/Drivers/STM32F4xx_HAL_Driver/Src/stm32f4xx_hal.c.obj
 .debug_rnglists
                0x000001c3       0xb5 CMakeFiles/DMA_test.elf.dir/Drivers/STM32F4xx_HAL_Driver/Src/stm32f4xx_hal_cortex.c.obj
 .debug_rnglists
                0x00000278       0x6c CMakeFiles/DMA_test.elf.dir/Drivers/STM32F4xx_HAL_Driver/Src/stm32f4xx_hal_dma.c.obj
 .debug_rnglists
                0x000002e4       0x3f CMakeFiles/DMA_test.elf.dir/Drivers/STM32F4xx_HAL_Driver/Src/stm32f4xx_hal_gpio.c.obj
 .debug_rnglists
                0x00000323       0x44 CMakeFiles/DMA_test.elf.dir/Drivers/STM32F4xx_HAL_Driver/Src/stm32f4xx_hal_pwr_ex.c.obj
 .debug_rnglists
                0x00000367       0x75 CMakeFiles/DMA_test.elf.dir/Drivers/STM32F4xx_HAL_Driver/Src/stm32f4xx_hal_rcc.c.obj
 .debug_rnglists
                0x000003dc      0x1a1 CMakeFiles/DMA_test.elf.dir/Drivers/STM32F4xx_HAL_Driver/Src/stm32f4xx_hal_uart.c.obj
 .debug_rnglists
                0x0000057d       0x13 C:/ST/STM32CubeCLT_1.16.0/GNU-tools-for-STM32/bin/../lib/gcc/arm-none-eabi/12.3.1/../../../../arm-none-eabi/lib/thumb/v7e-m/nofp\libg.a(libc_a-memset.o)
 .debug_rnglists
                0x00000590       0x13 C:/ST/STM32CubeCLT_1.16.0/GNU-tools-for-STM32/bin/../lib/gcc/arm-none-eabi/12.3.1/../../../../arm-none-eabi/lib/thumb/v7e-m/nofp\libg.a(libc_a-init.o)
 .debug_rnglists
                0x000005a3       0x49 C:/ST/STM32CubeCLT_1.16.0/GNU-tools-for-STM32/bin/../lib/gcc/arm-none-eabi/12.3.1/../../../../arm-none-eabi/lib/thumb/v7e-m/nofp\libg.a(libc_a-lock.o)
 .debug_rnglists
                0x000005ec       0x2a C:/ST/STM32CubeCLT_1.16.0/GNU-tools-for-STM32/bin/../lib/gcc/arm-none-eabi/12.3.1/../../../../arm-none-eabi/lib/thumb/v7e-m/nofp\libg.a(libc_a-__call_atexit.o)
 .debug_rnglists
                0x00000616       0x13 C:/ST/STM32CubeCLT_1.16.0/GNU-tools-for-STM32/bin/../lib/gcc/arm-none-eabi/12.3.1/../../../../arm-none-eabi/lib/thumb/v7e-m/nofp\libg.a(libc_a-atexit.o)
 .debug_rnglists
                0x00000629       0x13 C:/ST/STM32CubeCLT_1.16.0/GNU-tools-for-STM32/bin/../lib/gcc/arm-none-eabi/12.3.1/../../../../arm-none-eabi/lib/thumb/v7e-m/nofp\libg.a(libc_a-fini.o)
 .debug_rnglists
                0x0000063c       0x14 C:/ST/STM32CubeCLT_1.16.0/GNU-tools-for-STM32/bin/../lib/gcc/arm-none-eabi/12.3.1/../../../../arm-none-eabi/lib/thumb/v7e-m/nofp\libg.a(libc_a-__atexit.o)

.debug_line     0x00000000     0x9c10
 .debug_line    0x00000000      0x229 CMakeFiles/DMA_test.elf.dir/Core/Src/dma.c.obj
 .debug_line    0x00000229      0x288 CMakeFiles/DMA_test.elf.dir/Core/Src/gpio.c.obj
 .debug_line    0x000004b1      0x473 CMakeFiles/DMA_test.elf.dir/Core/Src/main.c.obj
 .debug_line    0x00000924      0x1e5 CMakeFiles/DMA_test.elf.dir/Core/Src/stm32f4xx_hal_msp.c.obj
 .debug_line    0x00000b09      0x3a8 CMakeFiles/DMA_test.elf.dir/Core/Src/stm32f4xx_it.c.obj
 .debug_line    0x00000eb1      0x2ad CMakeFiles/DMA_test.elf.dir/Core/Src/system_stm32f4xx.c.obj
 .debug_line    0x0000115e      0x469 CMakeFiles/DMA_test.elf.dir/Core/Src/usart.c.obj
 .debug_line    0x000015c7       0x7a CMakeFiles/DMA_test.elf.dir/Core/Startup/startup_stm32f427iihx.s.obj
 .debug_line    0x00001641      0x661 CMakeFiles/DMA_test.elf.dir/Drivers/STM32F4xx_HAL_Driver/Src/stm32f4xx_hal.c.obj
 .debug_line    0x00001ca2      0x916 CMakeFiles/DMA_test.elf.dir/Drivers/STM32F4xx_HAL_Driver/Src/stm32f4xx_hal_cortex.c.obj
 .debug_line    0x000025b8      0xf03 CMakeFiles/DMA_test.elf.dir/Drivers/STM32F4xx_HAL_Driver/Src/stm32f4xx_hal_dma.c.obj
 .debug_line    0x000034bb      0x77b CMakeFiles/DMA_test.elf.dir/Drivers/STM32F4xx_HAL_Driver/Src/stm32f4xx_hal_gpio.c.obj
 .debug_line    0x00003c36      0x562 CMakeFiles/DMA_test.elf.dir/Drivers/STM32F4xx_HAL_Driver/Src/stm32f4xx_hal_pwr_ex.c.obj
 .debug_line    0x00004198      0xbe4 CMakeFiles/DMA_test.elf.dir/Drivers/STM32F4xx_HAL_Driver/Src/stm32f4xx_hal_rcc.c.obj
 .debug_line    0x00004d7c     0x4382 CMakeFiles/DMA_test.elf.dir/Drivers/STM32F4xx_HAL_Driver/Src/stm32f4xx_hal_uart.c.obj
 .debug_line    0x000090fe      0x17e C:/ST/STM32CubeCLT_1.16.0/GNU-tools-for-STM32/bin/../lib/gcc/arm-none-eabi/12.3.1/../../../../arm-none-eabi/lib/thumb/v7e-m/nofp\libg.a(libc_a-memset.o)
 .debug_line    0x0000927c      0x188 C:/ST/STM32CubeCLT_1.16.0/GNU-tools-for-STM32/bin/../lib/gcc/arm-none-eabi/12.3.1/../../../../arm-none-eabi/lib/thumb/v7e-m/nofp\libg.a(libc_a-init.o)
 .debug_line    0x00009404      0x19b C:/ST/STM32CubeCLT_1.16.0/GNU-tools-for-STM32/bin/../lib/gcc/arm-none-eabi/12.3.1/../../../../arm-none-eabi/lib/thumb/v7e-m/nofp\libg.a(libc_a-lock.o)
 .debug_line    0x0000959f      0x28a C:/ST/STM32CubeCLT_1.16.0/GNU-tools-for-STM32/bin/../lib/gcc/arm-none-eabi/12.3.1/../../../../arm-none-eabi/lib/thumb/v7e-m/nofp\libg.a(libc_a-__call_atexit.o)
 .debug_line    0x00009829      0x102 C:/ST/STM32CubeCLT_1.16.0/GNU-tools-for-STM32/bin/../lib/gcc/arm-none-eabi/12.3.1/../../../../arm-none-eabi/lib/thumb/v7e-m/nofp\libg.a(libc_a-atexit.o)
 .debug_line    0x0000992b      0x140 C:/ST/STM32CubeCLT_1.16.0/GNU-tools-for-STM32/bin/../lib/gcc/arm-none-eabi/12.3.1/../../../../arm-none-eabi/lib/thumb/v7e-m/nofp\libg.a(libc_a-fini.o)
 .debug_line    0x00009a6b      0x1a5 C:/ST/STM32CubeCLT_1.16.0/GNU-tools-for-STM32/bin/../lib/gcc/arm-none-eabi/12.3.1/../../../../arm-none-eabi/lib/thumb/v7e-m/nofp\libg.a(libc_a-__atexit.o)

.debug_str      0x00000000     0x2f63
 .debug_str     0x00000000      0x80d CMakeFiles/DMA_test.elf.dir/Core/Src/dma.c.obj
                                0x84f (size before relaxing)
 .debug_str     0x0000080d       0xf4 CMakeFiles/DMA_test.elf.dir/Core/Src/gpio.c.obj
                                0x3af (size before relaxing)
 .debug_str     0x00000901      0x68a CMakeFiles/DMA_test.elf.dir/Core/Src/main.c.obj
                                0x9c2 (size before relaxing)
 .debug_str     0x00000f8b       0x43 CMakeFiles/DMA_test.elf.dir/Core/Src/stm32f4xx_hal_msp.c.obj
                                0x2f0 (size before relaxing)
 .debug_str     0x00000fce      0x155 CMakeFiles/DMA_test.elf.dir/Core/Src/stm32f4xx_it.c.obj
                                0x762 (size before relaxing)
 .debug_str     0x00001123       0x9e CMakeFiles/DMA_test.elf.dir/Core/Src/system_stm32f4xx.c.obj
                                0x356 (size before relaxing)
 .debug_str     0x000011c1       0xa8 CMakeFiles/DMA_test.elf.dir/Core/Src/usart.c.obj
                                0xe26 (size before relaxing)
 .debug_str     0x00001269       0x5b CMakeFiles/DMA_test.elf.dir/Core/Startup/startup_stm32f427iihx.s.obj
                                 0x93 (size before relaxing)
 .debug_str     0x000012c4      0x3a1 CMakeFiles/DMA_test.elf.dir/Drivers/STM32F4xx_HAL_Driver/Src/stm32f4xx_hal.c.obj
                                0xc21 (size before relaxing)
 .debug_str     0x00001665      0x4d6 CMakeFiles/DMA_test.elf.dir/Drivers/STM32F4xx_HAL_Driver/Src/stm32f4xx_hal_cortex.c.obj
                                0xce4 (size before relaxing)
 .debug_str     0x00001b3b      0x301 CMakeFiles/DMA_test.elf.dir/Drivers/STM32F4xx_HAL_Driver/Src/stm32f4xx_hal_dma.c.obj
                                0x798 (size before relaxing)
 .debug_str     0x00001e3c      0x131 CMakeFiles/DMA_test.elf.dir/Drivers/STM32F4xx_HAL_Driver/Src/stm32f4xx_hal_gpio.c.obj
                                0x515 (size before relaxing)
 .debug_str     0x00001f6d      0x155 CMakeFiles/DMA_test.elf.dir/Drivers/STM32F4xx_HAL_Driver/Src/stm32f4xx_hal_pwr_ex.c.obj
                                0x500 (size before relaxing)
 .debug_str     0x000020c2      0x1bb CMakeFiles/DMA_test.elf.dir/Drivers/STM32F4xx_HAL_Driver/Src/stm32f4xx_hal_rcc.c.obj
                                0x73b (size before relaxing)
 .debug_str     0x0000227d      0x5d8 CMakeFiles/DMA_test.elf.dir/Drivers/STM32F4xx_HAL_Driver/Src/stm32f4xx_hal_uart.c.obj
                                0xdbd (size before relaxing)
 .debug_str     0x00002855      0x16a C:/ST/STM32CubeCLT_1.16.0/GNU-tools-for-STM32/bin/../lib/gcc/arm-none-eabi/12.3.1/../../../../arm-none-eabi/lib/thumb/v7e-m/nofp\libg.a(libc_a-memset.o)
                                0x206 (size before relaxing)
 .debug_str     0x000029bf       0xb6 C:/ST/STM32CubeCLT_1.16.0/GNU-tools-for-STM32/bin/../lib/gcc/arm-none-eabi/12.3.1/../../../../arm-none-eabi/lib/thumb/v7e-m/nofp\libg.a(libc_a-init.o)
                                0x267 (size before relaxing)
 .debug_str     0x00002a75      0x266 C:/ST/STM32CubeCLT_1.16.0/GNU-tools-for-STM32/bin/../lib/gcc/arm-none-eabi/12.3.1/../../../../arm-none-eabi/lib/thumb/v7e-m/nofp\libg.a(libc_a-lock.o)
                                0x379 (size before relaxing)
 .debug_str     0x00002cdb      0x105 C:/ST/STM32CubeCLT_1.16.0/GNU-tools-for-STM32/bin/../lib/gcc/arm-none-eabi/12.3.1/../../../../arm-none-eabi/lib/thumb/v7e-m/nofp\libg.a(libc_a-__call_atexit.o)
                                0x343 (size before relaxing)
 .debug_str     0x00002de0       0x9e C:/ST/STM32CubeCLT_1.16.0/GNU-tools-for-STM32/bin/../lib/gcc/arm-none-eabi/12.3.1/../../../../arm-none-eabi/lib/thumb/v7e-m/nofp\libg.a(libc_a-atexit.o)
                                0x243 (size before relaxing)
 .debug_str     0x00002e7e       0x7a C:/ST/STM32CubeCLT_1.16.0/GNU-tools-for-STM32/bin/../lib/gcc/arm-none-eabi/12.3.1/../../../../arm-none-eabi/lib/thumb/v7e-m/nofp\libg.a(libc_a-fini.o)
                                0x23d (size before relaxing)
 .debug_str     0x00002ef8       0x6b C:/ST/STM32CubeCLT_1.16.0/GNU-tools-for-STM32/bin/../lib/gcc/arm-none-eabi/12.3.1/../../../../arm-none-eabi/lib/thumb/v7e-m/nofp\libg.a(libc_a-__atexit.o)
                                0x31a (size before relaxing)

.comment        0x00000000       0x43
 .comment       0x00000000       0x43 CMakeFiles/DMA_test.elf.dir/Core/Src/dma.c.obj
                                 0x44 (size before relaxing)
 .comment       0x00000043       0x44 CMakeFiles/DMA_test.elf.dir/Core/Src/gpio.c.obj
 .comment       0x00000043       0x44 CMakeFiles/DMA_test.elf.dir/Core/Src/main.c.obj
 .comment       0x00000043       0x44 CMakeFiles/DMA_test.elf.dir/Core/Src/stm32f4xx_hal_msp.c.obj
 .comment       0x00000043       0x44 CMakeFiles/DMA_test.elf.dir/Core/Src/stm32f4xx_it.c.obj
 .comment       0x00000043       0x44 CMakeFiles/DMA_test.elf.dir/Core/Src/system_stm32f4xx.c.obj
 .comment       0x00000043       0x44 CMakeFiles/DMA_test.elf.dir/Core/Src/usart.c.obj
 .comment       0x00000043       0x44 CMakeFiles/DMA_test.elf.dir/Drivers/STM32F4xx_HAL_Driver/Src/stm32f4xx_hal.c.obj
 .comment       0x00000043       0x44 CMakeFiles/DMA_test.elf.dir/Drivers/STM32F4xx_HAL_Driver/Src/stm32f4xx_hal_cortex.c.obj
 .comment       0x00000043       0x44 CMakeFiles/DMA_test.elf.dir/Drivers/STM32F4xx_HAL_Driver/Src/stm32f4xx_hal_dma.c.obj
 .comment       0x00000043       0x44 CMakeFiles/DMA_test.elf.dir/Drivers/STM32F4xx_HAL_Driver/Src/stm32f4xx_hal_gpio.c.obj
 .comment       0x00000043       0x44 CMakeFiles/DMA_test.elf.dir/Drivers/STM32F4xx_HAL_Driver/Src/stm32f4xx_hal_pwr_ex.c.obj
 .comment       0x00000043       0x44 CMakeFiles/DMA_test.elf.dir/Drivers/STM32F4xx_HAL_Driver/Src/stm32f4xx_hal_rcc.c.obj
 .comment       0x00000043       0x44 CMakeFiles/DMA_test.elf.dir/Drivers/STM32F4xx_HAL_Driver/Src/stm32f4xx_hal_uart.c.obj
 .comment       0x00000043       0x44 C:/ST/STM32CubeCLT_1.16.0/GNU-tools-for-STM32/bin/../lib/gcc/arm-none-eabi/12.3.1/../../../../arm-none-eabi/lib/thumb/v7e-m/nofp\libg.a(libc_a-memset.o)
 .comment       0x00000043       0x44 C:/ST/STM32CubeCLT_1.16.0/GNU-tools-for-STM32/bin/../lib/gcc/arm-none-eabi/12.3.1/../../../../arm-none-eabi/lib/thumb/v7e-m/nofp\libg.a(libc_a-init.o)
 .comment       0x00000043       0x44 C:/ST/STM32CubeCLT_1.16.0/GNU-tools-for-STM32/bin/../lib/gcc/arm-none-eabi/12.3.1/../../../../arm-none-eabi/lib/thumb/v7e-m/nofp\libg.a(libc_a-lock.o)
 .comment       0x00000043       0x44 C:/ST/STM32CubeCLT_1.16.0/GNU-tools-for-STM32/bin/../lib/gcc/arm-none-eabi/12.3.1/../../../../arm-none-eabi/lib/thumb/v7e-m/nofp\libg.a(libc_a-__call_atexit.o)
 .comment       0x00000043       0x44 C:/ST/STM32CubeCLT_1.16.0/GNU-tools-for-STM32/bin/../lib/gcc/arm-none-eabi/12.3.1/../../../../arm-none-eabi/lib/thumb/v7e-m/nofp\libg.a(libc_a-atexit.o)
 .comment       0x00000043       0x44 C:/ST/STM32CubeCLT_1.16.0/GNU-tools-for-STM32/bin/../lib/gcc/arm-none-eabi/12.3.1/../../../../arm-none-eabi/lib/thumb/v7e-m/nofp\libg.a(libc_a-fini.o)
 .comment       0x00000043       0x44 C:/ST/STM32CubeCLT_1.16.0/GNU-tools-for-STM32/bin/../lib/gcc/arm-none-eabi/12.3.1/../../../../arm-none-eabi/lib/thumb/v7e-m/nofp\libg.a(libc_a-__atexit.o)

.debug_frame    0x00000000     0x1374
 .debug_frame   0x00000000       0x30 CMakeFiles/DMA_test.elf.dir/Core/Src/dma.c.obj
 .debug_frame   0x00000030       0x34 CMakeFiles/DMA_test.elf.dir/Core/Src/gpio.c.obj
 .debug_frame   0x00000064       0x74 CMakeFiles/DMA_test.elf.dir/Core/Src/main.c.obj
 .debug_frame   0x000000d8       0x28 CMakeFiles/DMA_test.elf.dir/Core/Src/stm32f4xx_hal_msp.c.obj
 .debug_frame   0x00000100       0xf0 CMakeFiles/DMA_test.elf.dir/Core/Src/stm32f4xx_it.c.obj
 .debug_frame   0x000001f0       0x30 CMakeFiles/DMA_test.elf.dir/Core/Src/system_stm32f4xx.c.obj
 .debug_frame   0x00000220       0x64 CMakeFiles/DMA_test.elf.dir/Core/Src/usart.c.obj
 .debug_frame   0x00000284      0x20c CMakeFiles/DMA_test.elf.dir/Drivers/STM32F4xx_HAL_Driver/Src/stm32f4xx_hal.c.obj
 .debug_frame   0x00000490      0x214 CMakeFiles/DMA_test.elf.dir/Drivers/STM32F4xx_HAL_Driver/Src/stm32f4xx_hal_cortex.c.obj
 .debug_frame   0x000006a4      0x188 CMakeFiles/DMA_test.elf.dir/Drivers/STM32F4xx_HAL_Driver/Src/stm32f4xx_hal_dma.c.obj
 .debug_frame   0x0000082c       0xd4 CMakeFiles/DMA_test.elf.dir/Drivers/STM32F4xx_HAL_Driver/Src/stm32f4xx_hal_gpio.c.obj
 .debug_frame   0x00000900       0xec CMakeFiles/DMA_test.elf.dir/Drivers/STM32F4xx_HAL_Driver/Src/stm32f4xx_hal_pwr_ex.c.obj
 .debug_frame   0x000009ec      0x16c CMakeFiles/DMA_test.elf.dir/Drivers/STM32F4xx_HAL_Driver/Src/stm32f4xx_hal_rcc.c.obj
 .debug_frame   0x00000b58      0x5dc CMakeFiles/DMA_test.elf.dir/Drivers/STM32F4xx_HAL_Driver/Src/stm32f4xx_hal_uart.c.obj
 .debug_frame   0x00001134       0x2c C:/ST/STM32CubeCLT_1.16.0/GNU-tools-for-STM32/bin/../lib/gcc/arm-none-eabi/12.3.1/thumb/v7e-m/nofp\libgcc.a(_aeabi_uldivmod.o)
 .debug_frame   0x00001160       0x34 C:/ST/STM32CubeCLT_1.16.0/GNU-tools-for-STM32/bin/../lib/gcc/arm-none-eabi/12.3.1/thumb/v7e-m/nofp\libgcc.a(_udivmoddi4.o)
 .debug_frame   0x00001194       0x20 C:/ST/STM32CubeCLT_1.16.0/GNU-tools-for-STM32/bin/../lib/gcc/arm-none-eabi/12.3.1/../../../../arm-none-eabi/lib/thumb/v7e-m/nofp\libg.a(libc_a-memset.o)
 .debug_frame   0x000011b4       0x2c C:/ST/STM32CubeCLT_1.16.0/GNU-tools-for-STM32/bin/../lib/gcc/arm-none-eabi/12.3.1/../../../../arm-none-eabi/lib/thumb/v7e-m/nofp\libg.a(libc_a-init.o)
 .debug_frame   0x000011e0       0xb0 C:/ST/STM32CubeCLT_1.16.0/GNU-tools-for-STM32/bin/../lib/gcc/arm-none-eabi/12.3.1/../../../../arm-none-eabi/lib/thumb/v7e-m/nofp\libg.a(libc_a-lock.o)
 .debug_frame   0x00001290       0x58 C:/ST/STM32CubeCLT_1.16.0/GNU-tools-for-STM32/bin/../lib/gcc/arm-none-eabi/12.3.1/../../../../arm-none-eabi/lib/thumb/v7e-m/nofp\libg.a(libc_a-__call_atexit.o)
 .debug_frame   0x000012e8       0x20 C:/ST/STM32CubeCLT_1.16.0/GNU-tools-for-STM32/bin/../lib/gcc/arm-none-eabi/12.3.1/../../../../arm-none-eabi/lib/thumb/v7e-m/nofp\libg.a(libc_a-atexit.o)
 .debug_frame   0x00001308       0x38 C:/ST/STM32CubeCLT_1.16.0/GNU-tools-for-STM32/bin/../lib/gcc/arm-none-eabi/12.3.1/../../../../arm-none-eabi/lib/thumb/v7e-m/nofp\libg.a(libc_a-fini.o)
 .debug_frame   0x00001340       0x34 C:/ST/STM32CubeCLT_1.16.0/GNU-tools-for-STM32/bin/../lib/gcc/arm-none-eabi/12.3.1/../../../../arm-none-eabi/lib/thumb/v7e-m/nofp\libg.a(libc_a-__atexit.o)

.debug_loclists
                0x00000000     0x429c
 .debug_loclists
                0x00000000       0x59 CMakeFiles/DMA_test.elf.dir/Core/Src/main.c.obj
 .debug_loclists
                0x00000059       0xdb CMakeFiles/DMA_test.elf.dir/Core/Src/system_stm32f4xx.c.obj
 .debug_loclists
                0x00000134       0x50 CMakeFiles/DMA_test.elf.dir/Core/Src/usart.c.obj
 .debug_loclists
                0x00000184       0xc9 CMakeFiles/DMA_test.elf.dir/Drivers/STM32F4xx_HAL_Driver/Src/stm32f4xx_hal.c.obj
 .debug_loclists
                0x0000024d      0x439 CMakeFiles/DMA_test.elf.dir/Drivers/STM32F4xx_HAL_Driver/Src/stm32f4xx_hal_cortex.c.obj
 .debug_loclists
                0x00000686      0x763 CMakeFiles/DMA_test.elf.dir/Drivers/STM32F4xx_HAL_Driver/Src/stm32f4xx_hal_dma.c.obj
 .debug_loclists
                0x00000de9      0x356 CMakeFiles/DMA_test.elf.dir/Drivers/STM32F4xx_HAL_Driver/Src/stm32f4xx_hal_gpio.c.obj
 .debug_loclists
                0x0000113f      0x14e CMakeFiles/DMA_test.elf.dir/Drivers/STM32F4xx_HAL_Driver/Src/stm32f4xx_hal_pwr_ex.c.obj
 .debug_loclists
                0x0000128d      0x3a9 CMakeFiles/DMA_test.elf.dir/Drivers/STM32F4xx_HAL_Driver/Src/stm32f4xx_hal_rcc.c.obj
 .debug_loclists
                0x00001636     0x29f1 CMakeFiles/DMA_test.elf.dir/Drivers/STM32F4xx_HAL_Driver/Src/stm32f4xx_hal_uart.c.obj
 .debug_loclists
                0x00004027       0x47 C:/ST/STM32CubeCLT_1.16.0/GNU-tools-for-STM32/bin/../lib/gcc/arm-none-eabi/12.3.1/../../../../arm-none-eabi/lib/thumb/v7e-m/nofp\libg.a(libc_a-memset.o)
 .debug_loclists
                0x0000406e       0x44 C:/ST/STM32CubeCLT_1.16.0/GNU-tools-for-STM32/bin/../lib/gcc/arm-none-eabi/12.3.1/../../../../arm-none-eabi/lib/thumb/v7e-m/nofp\libg.a(libc_a-init.o)
 .debug_loclists
                0x000040b2       0x23 C:/ST/STM32CubeCLT_1.16.0/GNU-tools-for-STM32/bin/../lib/gcc/arm-none-eabi/12.3.1/../../../../arm-none-eabi/lib/thumb/v7e-m/nofp\libg.a(libc_a-lock.o)
 .debug_loclists
                0x000040d5       0xd4 C:/ST/STM32CubeCLT_1.16.0/GNU-tools-for-STM32/bin/../lib/gcc/arm-none-eabi/12.3.1/../../../../arm-none-eabi/lib/thumb/v7e-m/nofp\libg.a(libc_a-__call_atexit.o)
 .debug_loclists
                0x000041a9       0x2a C:/ST/STM32CubeCLT_1.16.0/GNU-tools-for-STM32/bin/../lib/gcc/arm-none-eabi/12.3.1/../../../../arm-none-eabi/lib/thumb/v7e-m/nofp\libg.a(libc_a-atexit.o)
 .debug_loclists
                0x000041d3       0x3b C:/ST/STM32CubeCLT_1.16.0/GNU-tools-for-STM32/bin/../lib/gcc/arm-none-eabi/12.3.1/../../../../arm-none-eabi/lib/thumb/v7e-m/nofp\libg.a(libc_a-fini.o)
 .debug_loclists
                0x0000420e       0x8e C:/ST/STM32CubeCLT_1.16.0/GNU-tools-for-STM32/bin/../lib/gcc/arm-none-eabi/12.3.1/../../../../arm-none-eabi/lib/thumb/v7e-m/nofp\libg.a(libc_a-__atexit.o)

.debug_line_str
                0x00000000       0x77
 .debug_line_str
                0x00000000       0x77 CMakeFiles/DMA_test.elf.dir/Core/Startup/startup_stm32f427iihx.s.obj
